../Core/Src/main.c:106:5:main	16	static
../Core/Src/main.c:181:6:SystemClock_Config	88	static
../Core/Src/main.c:229:13:MX_CAN2_Init	8	static
../Core/Src/main.c:266:13:MX_I2C2_Init	8	static
../Core/Src/main.c:300:13:MX_RTC_Init	32	static
../Core/Src/main.c:363:13:MX_USART6_UART_Init	8	static
../Core/Src/main.c:396:13:MX_GPIO_Init	48	static
../Core/Src/main.c:435:6:CAN_Parse2Float	24	static
../Core/Src/main.c:441:6:HAL_CAN_RxFifo0MsgPendingCallback	80	static
../Core/Src/main.c:533:6:CAN_Filter_Config	48	static
../Core/Src/main.c:560:6:Error_Handler	4	static,ignoring_inline_asm
