../Core/Src/main.c:106:5:main	16	static
../Core/Src/main.c:184:6:SystemClock_Config	88	static
../Core/Src/main.c:232:13:MX_CAN2_Init	8	static
../Core/Src/main.c:269:13:MX_I2C2_Init	8	static
../Core/Src/main.c:303:13:MX_RTC_Init	32	static
../Core/Src/main.c:366:13:MX_USART6_UART_Init	8	static
../Core/Src/main.c:399:13:MX_GPIO_Init	48	static
../Core/Src/main.c:438:6:CAN_Parse2Float	24	static
../Core/Src/main.c:444:6:HAL_CAN_RxFifo0MsgPendingCallback	80	static
../Core/Src/main.c:536:6:CAN_Filter_Config	48	static
../Core/Src/main.c:563:6:Error_Handler	4	static,ignoring_inline_asm
