../Core/Src/main.c:117:5:main	2
../Core/Src/main.c:194:6:SystemClock_Config	3
../Core/Src/main.c:242:13:MX_CAN2_Init	2
../Core/Src/main.c:279:13:MX_I2C1_Init	2
../Core/Src/main.c:313:13:MX_RTC_Init	4
../Core/Src/main.c:376:13:MX_SPI1_Init	2
../Core/Src/main.c:414:13:MX_SPI2_Init	2
../Core/Src/main.c:452:13:MX_SPI3_Init	2
../Core/Src/main.c:490:13:MX_GPIO_Init	1
../Core/Src/main.c:552:6:CAN_Parse2Float	1
../Core/Src/main.c:558:6:HAL_CAN_RxFifo0MsgPendingCallback	10
../Core/Src/main.c:625:6:CAN_Filter_Config	1
../Core/Src/main.c:647:6:CAN_Send_Datas	3
../Core/Src/main.c:670:6:CAN_Send2Float	1
../Core/Src/main.c:693:6:Error_Handler	1
