../Drivers/CMSIS/Include/core_cm4.h:1939:34:__NVIC_SystemReset	4	static,ignoring_inline_asm
../Core/Src/main.c:99:6:packCSDatas	304	static
../Core/Src/main.c:137:15:checkSumCalc	56	dynamic
../Core/Src/main.c:153:6:HAL_UARTEx_RxEventCallback	16	static
../Core/Src/main.c:179:5:main	8	static
../Core/Src/main.c:232:6:SystemClock_Config	96	static
../Core/Src/main.c:276:13:MX_USART1_UART_Init	8	static
../Core/Src/main.c:311:13:MX_USART2_UART_Init	8	static
../Core/Src/main.c:344:13:MX_DMA_Init	16	static
../Core/Src/main.c:362:13:MX_GPIO_Init	40	static
../Core/Src/main.c:396:6:Error_Handler	4	static,ignoring_inline_asm
