../Drivers/CMSIS/Include/core_cm4.h:1939:34:__NVIC_SystemReset	4	static,ignoring_inline_asm
../Core/Src/main.c:96:6:packCSDatas	248	static
../Core/Src/main.c:132:15:checkSumCalc	56	dynamic
../Core/Src/main.c:148:6:HAL_UARTEx_RxEventCallback	16	static
../Core/Src/main.c:174:5:main	8	static
../Core/Src/main.c:227:6:SystemClock_Config	96	static
../Core/Src/main.c:271:13:MX_USART1_UART_Init	8	static
../Core/Src/main.c:306:13:MX_USART2_UART_Init	8	static
../Core/Src/main.c:339:13:MX_DMA_Init	16	static
../Core/Src/main.c:357:13:MX_GPIO_Init	40	static
../Core/Src/main.c:391:6:Error_Handler	4	static,ignoring_inline_asm
