../Core/Src/main.c:109:6:HAL_UARTEx_RxEventCallback	2
../Core/Src/main.c:138:5:main	2
../Core/Src/main.c:224:6:SystemClock_Config	3
../Core/Src/main.c:272:13:MX_CAN2_Init	2
../Core/Src/main.c:309:13:MX_I2C1_Init	2
../Core/Src/main.c:343:13:MX_I2C2_Init	2
../Core/Src/main.c:377:13:MX_I2C3_Init	2
../Core/Src/main.c:411:13:MX_RTC_Init	4
../Core/Src/main.c:474:13:MX_USART2_UART_Init	2
../Core/Src/main.c:505:13:MX_DMA_Init	1
../Core/Src/main.c:523:13:MX_GPIO_Init	1
../Core/Src/main.c:541:6:CAN_Send_TwoFloat	1
../Core/Src/main.c:556:6:CAN_Send2Float	1
../Core/Src/main.c:574:6:CAN_Send_Datas	10
../Core/Src/main.c:622:6:HAL_CAN_RxFifo0MsgPendingCallback	2
../Core/Src/main.c:634:6:CAN_Filter_Config	1
../Core/Src/main.c:661:6:Error_Handler	1
