../Core/Src/main.c:109:6:HAL_UARTEx_RxEventCallback	24	static
../Core/Src/main.c:138:5:main	16	static
../Core/Src/main.c:224:6:SystemClock_Config	88	static
../Core/Src/main.c:272:13:MX_CAN2_Init	8	static
../Core/Src/main.c:309:13:MX_I2C1_Init	8	static
../Core/Src/main.c:343:13:MX_I2C2_Init	8	static
../Core/Src/main.c:377:13:MX_I2C3_Init	8	static
../Core/Src/main.c:411:13:MX_RTC_Init	32	static
../Core/Src/main.c:474:13:MX_USART2_UART_Init	8	static
../Core/Src/main.c:505:13:MX_DMA_Init	16	static
../Core/Src/main.c:523:13:MX_GPIO_Init	24	static
../Core/Src/main.c:541:6:CAN_Send_TwoFloat	16	static
../Core/Src/main.c:556:6:CAN_Send2Float	64	static
../Core/Src/main.c:574:6:CAN_Send_Datas	48	static
../Core/Src/main.c:622:6:HAL_CAN_RxFifo0MsgPendingCallback	16	static
../Core/Src/main.c:634:6:CAN_Filter_Config	48	static
../Core/Src/main.c:661:6:Error_Handler	4	static,ignoring_inline_asm
